// Jest Snapshot v1, https://goo.gl/fbAQLP

exports[`Chat component should display 1`] = `
<DocumentFragment>
  <form
    class="chat-preflight-container"
  >
    <textarea
      class="chat"
      rows="1"
    />
  </form>
</DocumentFragment>
`;
